Model name: AlcoaGrabCAD 
Project directory: D:/Dropbox/Personal/suresh/Software/ParetoSoftware/ParetoTopOpt/ParetoExamples/AlcoaGrabCad/ 
Pareto Version 2024.02 
Pareto Build Date 4.21 
GUI Build Date 1.23 
Material applied to part 0  
Elasticity boundary condition applied on face group 1  
--------------------------------------------- 
Elasticity boundary condition applied on face group 2  
--------------------------------------------- 
CoreFunction: Attempting to create a voxel mesh; temp file D:/Dropbox/Personal/suresh/Software/ParetoSoftware/ParetoTopOpt/ParetoExamples/AlcoaGrabCad/temp.vxb  
The minimum number of elements recommended is 10000   
CoreFunctions: Meshing STL: N = 250000  
Mesher: Background Grid (165,111,50) 
Mesher: Grid: (165, 111, 50)  
Mesher: Meshing part 0 
Mesher: #Elements: 258814  
Mesher: #Nodes: 284626  
Meshing completed; time = 1.919 (secs) 
--------------------------------------------- 
Mesher: STL Volume = 6.69e+00  
Mesher: Mesh Volume = 6.97e+00  
Mesher: PercentVolErr = 4.189  
CoreFunction: Mesh read: 0.170 (secs)  
nDOF = 853878; time taken = 2.504 (s) 
--------------------------------------------- 
CoreFunctions: Creating tessellation file D:/Dropbox/Personal/suresh/Software/ParetoSoftware/ParetoTopOpt/ParetoExamples/AlcoaGrabCad/tessellation.stl  
Starting Static FEA 
#CG Iterations = 247 
Time taken = 8.679 (sec)  
Max Displacement: 4.10e-03 
Max Von Mises: 9.84e+03 
Time taken = 8.680 (sec) 
Pushing elasticity solution to tessellation ...  
Saving project file D:/Dropbox/Personal/suresh/Software/ParetoSoftware/ParetoTopOpt/ParetoExamples/AlcoaGrabCad/AlcoaGrabCADProject.prj  
