Model name: beam 
Project directory: C:/Users/Krishnan Suresh/Dropbox/Personal/suresh/Software/ParetoSoftware/ParetoWin/ParetoExamples/BeamThermoElastic/ 
Pareto Version 2021.02 
Pareto Build Date 4.29 
GUI Build Date 1.23 
Attempting to solve static thermal problem ... 
CoreFunction: Attempting to create a voxel mesh; temp file C:/Users/Krishnan Suresh/Dropbox/Personal/suresh/Software/ParetoSoftware/ParetoWin/ParetoExamples/BeamThermoElastic/temp.vxb  
The minimum number of elements recommended is 10000   
CoreFunctions: Meshing STL: N = 100000  
Mesher: Background Grid (215,22,22) 
Mesher: Grid: (215, 22, 22)  
Mesher: Meshing part 0 
Mesher: #Elements: 104060  
Mesher: #Nodes: 114264  
Meshing completed; time = 0.121 (secs) 
--------------------------------------------- 
Mesher: STL Volume = 1.25e-03  
Mesher: Mesh Volume = 1.25e-03  
Mesher: PercentVolErr = 0.000  
CoreFunction: Mesh read: 0.147 (secs)  
nDOF = 342792; time taken = 0.624 (s) 
--------------------------------------------- 
CoreFunctions: Creating tessellation file C:/Users/Krishnan Suresh/Dropbox/Personal/suresh/Software/ParetoSoftware/ParetoWin/ParetoExamples/BeamThermoElastic/tessellation.stl  
Starting ThermoStatic FEA 
Time taken = 2.920 (s) 
Solved thermal ... 
Pushing thermal solution to tessellation ...  
Attempting to solve static thermal problem ... 
CoreFunction: Attempting to create a voxel mesh; temp file C:/Users/Krishnan Suresh/Dropbox/Personal/suresh/Software/ParetoSoftware/ParetoWin/ParetoExamples/BeamThermoElastic/temp.vxb  
The minimum number of elements recommended is 10000   
CoreFunctions: Meshing STL: N = 50000  
Mesher: Background Grid (171,17,17) 
Mesher: Grid: (171, 17, 17)  
Mesher: Meshing part 0 
Mesher: #Elements: 49419  
Mesher: #Nodes: 55728  
Meshing completed; time = 0.074 (secs) 
--------------------------------------------- 
Mesher: STL Volume = 1.25e-03  
Mesher: Mesh Volume = 1.25e-03  
Mesher: PercentVolErr = 0.000  
CoreFunction: Mesh read: 0.082 (secs)  
nDOF = 167184; time taken = 0.350 (s) 
--------------------------------------------- 
CoreFunctions: Creating tessellation file C:/Users/Krishnan Suresh/Dropbox/Personal/suresh/Software/ParetoSoftware/ParetoWin/ParetoExamples/BeamThermoElastic/tessellation.stl  
Starting ThermoStatic FEA 
Time taken = 1.130 (s) 
Solved thermal ... 
Pushing thermal solution to tessellation ...  
CoreFunction: Attempting to create a voxel mesh; temp file C:/Users/Krishnan Suresh/Dropbox/Personal/suresh/Software/ParetoSoftware/ParetoWin/ParetoExamples/BeamThermoElastic/temp.vxb  
The minimum number of elements recommended is 10000   
CoreFunctions: Meshing STL: N = 50000  
Mesher: Background Grid (171,17,17) 
Mesher: Grid: (171, 17, 17)  
Mesher: Meshing part 0 
Mesher: #Elements: 49419  
Mesher: #Nodes: 55728  
Meshing completed; time = 0.085 (secs) 
--------------------------------------------- 
Mesher: STL Volume = 1.25e-03  
Mesher: Mesh Volume = 1.25e-03  
Mesher: PercentVolErr = 0.000  
CoreFunction: Mesh read: 0.083 (secs)  
nDOF = 167184; time taken = 0.362 (s) 
--------------------------------------------- 
CoreFunctions: Creating tessellation file C:/Users/Krishnan Suresh/Dropbox/Personal/suresh/Software/ParetoSoftware/ParetoWin/ParetoExamples/BeamThermoElastic/tessellation.stl  
Error: Zero force detected; possibly due to a very coarse mesh 
Starting Static FEA 
Time taken for Thermal = 1.735 (s) 
#CG Iterations = 350 
Time taken = 1.598 (sec)  
Max Displacement: 6.58e-04 
Max Von Mises: 5.87e+08 
Time taken = 1.600 (sec) 
Pushing elasticity solution to tessellation ...  
CoreFunction: Attempting to create a voxel mesh; temp file C:/Users/Krishnan Suresh/Dropbox/Personal/suresh/Software/ParetoSoftware/ParetoWin/ParetoExamples/BeamThermoElastic/temp.vxb  
The minimum number of elements recommended is 10000   
CoreFunctions: Meshing STL: N = 25000  
Mesher: Background Grid (136,14,14) 
Mesher: Grid: (136, 14, 14)  
Mesher: Meshing part 0 
Mesher: #Elements: 26656  
Mesher: #Nodes: 30825  
Meshing completed; time = 0.062 (secs) 
--------------------------------------------- 
Mesher: STL Volume = 1.25e-03  
Mesher: Mesh Volume = 1.25e-03  
Mesher: PercentVolErr = 0.000  
CoreFunction: Mesh read: 0.048 (secs)  
nDOF = 92475; time taken = 0.242 (s) 
--------------------------------------------- 
CoreFunctions: Creating tessellation file C:/Users/Krishnan Suresh/Dropbox/Personal/suresh/Software/ParetoSoftware/ParetoWin/ParetoExamples/BeamThermoElastic/tessellation.stl  
Error: Zero force detected; possibly due to a very coarse mesh 
Starting Static FEA 
Time taken for Thermal = 0.793 (s) 
#CG Iterations = 287 
Time taken = 0.678 (sec)  
Max Displacement: 6.58e-04 
Max Von Mises: 5.20e+08 
Time taken = 0.680 (sec) 
Pushing elasticity solution to tessellation ...  
Attempting to solve static thermal problem ... 
CoreFunction: Attempting to create a voxel mesh; temp file C:/Users/Krishnan Suresh/Dropbox/Personal/suresh/Software/ParetoSoftware/ParetoWin/ParetoExamples/BeamThermoElastic/temp.vxb  
The minimum number of elements recommended is 10000   
CoreFunctions: Meshing STL: N = 100000  
Mesher: Background Grid (215,22,22) 
Mesher: Grid: (215, 22, 22)  
Mesher: Meshing part 0 
Mesher: #Elements: 104060  
Mesher: #Nodes: 114264  
Meshing completed; time = 0.114 (secs) 
--------------------------------------------- 
Mesher: STL Volume = 1.25e-03  
Mesher: Mesh Volume = 1.25e-03  
Mesher: PercentVolErr = 0.000  
CoreFunction: Mesh read: 0.141 (secs)  
nDOF = 342792; time taken = 0.605 (s) 
--------------------------------------------- 
CoreFunctions: Creating tessellation file C:/Users/Krishnan Suresh/Dropbox/Personal/suresh/Software/ParetoSoftware/ParetoWin/ParetoExamples/BeamThermoElastic/tessellation.stl  
Starting ThermoStatic FEA 
Time taken = 2.939 (s) 
Solved thermal ... 
Pushing thermal solution to tessellation ...  
CoreFunction: Attempting to create a voxel mesh; temp file C:/Users/Krishnan Suresh/Dropbox/Personal/suresh/Software/ParetoSoftware/ParetoWin/ParetoExamples/BeamThermoElastic/temp.vxb  
The minimum number of elements recommended is 10000   
CoreFunctions: Meshing STL: N = 100000  
Mesher: Background Grid (215,22,22) 
Mesher: Grid: (215, 22, 22)  
Mesher: Meshing part 0 
Mesher: #Elements: 104060  
Mesher: #Nodes: 114264  
Meshing completed; time = 0.117 (secs) 
--------------------------------------------- 
Mesher: STL Volume = 1.25e-03  
Mesher: Mesh Volume = 1.25e-03  
Mesher: PercentVolErr = 0.000  
CoreFunction: Mesh read: 0.145 (secs)  
nDOF = 342792; time taken = 0.611 (s) 
--------------------------------------------- 
CoreFunctions: Creating tessellation file C:/Users/Krishnan Suresh/Dropbox/Personal/suresh/Software/ParetoSoftware/ParetoWin/ParetoExamples/BeamThermoElastic/tessellation.stl  
Error: Zero force detected; possibly due to a very coarse mesh 
Starting Static FEA 
Time taken for Thermal = 3.629 (s) 
#CG Iterations = 444 
Time taken = 4.054 (sec)  
Max Displacement: 6.58e-04 
Max Von Mises: 6.69e+08 
Time taken = 4.056 (sec) 
Pushing elasticity solution to tessellation ...  
Material applied to part 0  
Attempting to solve static thermal problem ... 
CoreFunction: Attempting to create a voxel mesh; temp file C:/Users/Krishnan Suresh/Dropbox/Personal/suresh/Software/ParetoSoftware/ParetoWin/ParetoExamples/BeamThermoElastic/temp.vxb  
The minimum number of elements recommended is 10000   
CoreFunctions: Meshing STL: N = 100000  
Mesher: Background Grid (215,22,22) 
Mesher: Grid: (215, 22, 22)  
Mesher: Meshing part 0 
Mesher: #Elements: 104060  
Mesher: #Nodes: 114264  
Meshing completed; time = 0.114 (secs) 
--------------------------------------------- 
Mesher: STL Volume = 1.25e-03  
Mesher: Mesh Volume = 1.25e-03  
Mesher: PercentVolErr = 0.000  
CoreFunction: Mesh read: 0.152 (secs)  
nDOF = 342792; time taken = 0.613 (s) 
--------------------------------------------- 
CoreFunctions: Creating tessellation file C:/Users/Krishnan Suresh/Dropbox/Personal/suresh/Software/ParetoSoftware/ParetoWin/ParetoExamples/BeamThermoElastic/tessellation.stl  
Starting ThermoStatic FEA 
Time taken = 2.893 (s) 
Solved thermal ... 
Pushing thermal solution to tessellation ...  
CoreFunction: Attempting to create a voxel mesh; temp file C:/Users/Krishnan Suresh/Dropbox/Personal/suresh/Software/ParetoSoftware/ParetoWin/ParetoExamples/BeamThermoElastic/temp.vxb  
The minimum number of elements recommended is 10000   
CoreFunctions: Meshing STL: N = 100000  
Mesher: Background Grid (215,22,22) 
Mesher: Grid: (215, 22, 22)  
Mesher: Meshing part 0 
Mesher: #Elements: 104060  
Mesher: #Nodes: 114264  
Meshing completed; time = 0.123 (secs) 
--------------------------------------------- 
Mesher: STL Volume = 1.25e-03  
Mesher: Mesh Volume = 1.25e-03  
Mesher: PercentVolErr = 0.000  
CoreFunction: Mesh read: 0.152 (secs)  
nDOF = 342792; time taken = 0.622 (s) 
--------------------------------------------- 
CoreFunctions: Creating tessellation file C:/Users/Krishnan Suresh/Dropbox/Personal/suresh/Software/ParetoSoftware/ParetoWin/ParetoExamples/BeamThermoElastic/tessellation.stl  
Error: Zero force detected; possibly due to a very coarse mesh 
Starting Static FEA 
Time taken for Thermal = 3.747 (s) 
#CG Iterations = 432 
Time taken = 4.541 (sec)  
Max Displacement: 6.57e-04 
Max Von Mises: 6.07e+08 
Time taken = 4.542 (sec) 
Pushing elasticity solution to tessellation ...  
Saving project file C:/Users/Krishnan Suresh/Dropbox/Personal/suresh/Software/ParetoSoftware/ParetoWin/ParetoExamples/BeamThermoElastic/beamProject.prj  
Attempting to solve static thermal problem ... 
CoreFunction: Attempting to create a voxel mesh; temp file C:/Users/Krishnan Suresh/Dropbox/Personal/suresh/Software/ParetoSoftware/ParetoWin/ParetoExamples/BeamThermoElastic/temp.vxb  
The minimum number of elements recommended is 10000   
CoreFunctions: Meshing STL: N = 100000  
Mesher: Background Grid (215,22,22) 
Mesher: Grid: (215, 22, 22)  
Mesher: Meshing part 0 
Mesher: #Elements: 104060  
Mesher: #Nodes: 114264  
Meshing completed; time = 0.113 (secs) 
--------------------------------------------- 
Mesher: STL Volume = 1.25e-03  
Mesher: Mesh Volume = 1.25e-03  
Mesher: PercentVolErr = 0.000  
CoreFunction: Mesh read: 0.141 (secs)  
nDOF = 342792; time taken = 0.597 (s) 
--------------------------------------------- 
CoreFunctions: Creating tessellation file C:/Users/Krishnan Suresh/Dropbox/Personal/suresh/Software/ParetoSoftware/ParetoWin/ParetoExamples/BeamThermoElastic/tessellation.stl  
Starting ThermoStatic FEA 
Time taken = 2.874 (s) 
Solved thermal ... 
Pushing thermal solution to tessellation ...  
Attempting to solve static thermal problem ... 
CoreFunction: Attempting to create a voxel mesh; temp file C:/Users/Krishnan Suresh/Dropbox/Personal/suresh/Software/ParetoSoftware/ParetoWin/ParetoExamples/BeamThermoElastic/temp.vxb  
The minimum number of elements recommended is 10000   
CoreFunctions: Meshing STL: N = 25000  
Mesher: Background Grid (136,14,14) 
Mesher: Grid: (136, 14, 14)  
Mesher: Meshing part 0 
Mesher: #Elements: 26656  
Mesher: #Nodes: 30825  
Meshing completed; time = 0.058 (secs) 
--------------------------------------------- 
Mesher: STL Volume = 1.25e-03  
Mesher: Mesh Volume = 1.25e-03  
Mesher: PercentVolErr = 0.000  
CoreFunction: Mesh read: 0.048 (secs)  
nDOF = 92475; time taken = 0.238 (s) 
--------------------------------------------- 
CoreFunctions: Creating tessellation file C:/Users/Krishnan Suresh/Dropbox/Personal/suresh/Software/ParetoSoftware/ParetoWin/ParetoExamples/BeamThermoElastic/tessellation.stl  
Starting ThermoStatic FEA 
Time taken = 0.500 (s) 
Solved thermal ... 
Pushing thermal solution to tessellation ...  
CoreFunction: Attempting to create a voxel mesh; temp file C:/Users/Krishnan Suresh/Dropbox/Personal/suresh/Software/ParetoSoftware/ParetoWin/ParetoExamples/BeamThermoElastic/temp.vxb  
The minimum number of elements recommended is 10000   
CoreFunctions: Meshing STL: N = 25000  
Mesher: Background Grid (136,14,14) 
Mesher: Grid: (136, 14, 14)  
Mesher: Meshing part 0 
Mesher: #Elements: 26656  
Mesher: #Nodes: 30825  
Meshing completed; time = 0.061 (secs) 
--------------------------------------------- 
Mesher: STL Volume = 1.25e-03  
Mesher: Mesh Volume = 1.25e-03  
Mesher: PercentVolErr = 0.000  
CoreFunction: Mesh read: 0.046 (secs)  
nDOF = 92475; time taken = 0.239 (s) 
--------------------------------------------- 
CoreFunctions: Creating tessellation file C:/Users/Krishnan Suresh/Dropbox/Personal/suresh/Software/ParetoSoftware/ParetoWin/ParetoExamples/BeamThermoElastic/tessellation.stl  
Error: Zero force detected; possibly due to a very coarse mesh 
Starting Static FEA 
Time taken for Thermal = 0.778 (s) 
#CG Iterations = 281 
Time taken = 0.681 (sec)  
Max Displacement: 6.57e-04 
Max Von Mises: 4.70e+08 
Time taken = 0.682 (sec) 
Pushing elasticity solution to tessellation ...  
Material applied to part 0  
Attempting to solve static thermal problem ... 
CoreFunction: Attempting to create a voxel mesh; temp file C:/Users/Krishnan Suresh/Dropbox/Personal/suresh/Software/ParetoSoftware/ParetoWin/ParetoExamples/BeamThermoElastic/temp.vxb  
The minimum number of elements recommended is 10000   
CoreFunctions: Meshing STL: N = 25000  
Mesher: Background Grid (136,14,14) 
Mesher: Grid: (136, 14, 14)  
Mesher: Meshing part 0 
Mesher: #Elements: 26656  
Mesher: #Nodes: 30825  
Meshing completed; time = 0.055 (secs) 
--------------------------------------------- 
Mesher: STL Volume = 1.25e-03  
Mesher: Mesh Volume = 1.25e-03  
Mesher: PercentVolErr = 0.000  
CoreFunction: Mesh read: 0.040 (secs)  
nDOF = 92475; time taken = 0.230 (s) 
--------------------------------------------- 
CoreFunctions: Creating tessellation file C:/Users/Krishnan Suresh/Dropbox/Personal/suresh/Software/ParetoSoftware/ParetoWin/ParetoExamples/BeamThermoElastic/tessellation.stl  
Starting ThermoStatic FEA 
Time taken = 0.502 (s) 
Solved thermal ... 
Pushing thermal solution to tessellation ...  
CoreFunction: Attempting to create a voxel mesh; temp file C:/Users/Krishnan Suresh/Dropbox/Personal/suresh/Software/ParetoSoftware/ParetoWin/ParetoExamples/BeamThermoElastic/temp.vxb  
The minimum number of elements recommended is 10000   
CoreFunctions: Meshing STL: N = 25000  
Mesher: Background Grid (136,14,14) 
Mesher: Grid: (136, 14, 14)  
Mesher: Meshing part 0 
Mesher: #Elements: 26656  
Mesher: #Nodes: 30825  
Meshing completed; time = 0.064 (secs) 
--------------------------------------------- 
Mesher: STL Volume = 1.25e-03  
Mesher: Mesh Volume = 1.25e-03  
Mesher: PercentVolErr = 0.000  
CoreFunction: Mesh read: 0.046 (secs)  
nDOF = 92475; time taken = 0.253 (s) 
--------------------------------------------- 
CoreFunctions: Creating tessellation file C:/Users/Krishnan Suresh/Dropbox/Personal/suresh/Software/ParetoSoftware/ParetoWin/ParetoExamples/BeamThermoElastic/tessellation.stl  
Error: Zero force detected; possibly due to a very coarse mesh 
Starting Static FEA 
Time taken for Thermal = 0.812 (s) 
#CG Iterations = 287 
Time taken = 0.751 (sec)  
Max Displacement: 7.59e-04 
Max Von Mises: 6.00e+08 
Time taken = 0.753 (sec) 
Pushing elasticity solution to tessellation ...  
Material applied to part 0  
Saving project file C:/Users/Krishnan Suresh/Dropbox/Personal/suresh/Software/ParetoSoftware/ParetoWin/ParetoExamples/BeamThermoElastic/beamProject.prj  
Attempting to solve static thermal problem ... 
CoreFunction: Attempting to create a voxel mesh; temp file C:/Users/Krishnan Suresh/Dropbox/Personal/suresh/Software/ParetoSoftware/ParetoWin/ParetoExamples/BeamThermoElastic/temp.vxb  
The minimum number of elements recommended is 10000   
CoreFunctions: Meshing STL: N = 25000  
Mesher: Background Grid (136,14,14) 
Mesher: Grid: (136, 14, 14)  
Mesher: Meshing part 0 
Mesher: #Elements: 26656  
Mesher: #Nodes: 30825  
Meshing completed; time = 0.058 (secs) 
--------------------------------------------- 
Mesher: STL Volume = 1.25e-03  
Mesher: Mesh Volume = 1.25e-03  
Mesher: PercentVolErr = 0.000  
CoreFunction: Mesh read: 0.047 (secs)  
nDOF = 92475; time taken = 0.237 (s) 
--------------------------------------------- 
CoreFunctions: Creating tessellation file C:/Users/Krishnan Suresh/Dropbox/Personal/suresh/Software/ParetoSoftware/ParetoWin/ParetoExamples/BeamThermoElastic/tessellation.stl  
Starting ThermoStatic FEA 
Time taken = 0.500 (s) 
Solved thermal ... 
Pushing thermal solution to tessellation ...  
CoreFunction: Attempting to create a voxel mesh; temp file C:/Users/Krishnan Suresh/Dropbox/Personal/suresh/Software/ParetoSoftware/ParetoWin/ParetoExamples/BeamThermoElastic/temp.vxb  
The minimum number of elements recommended is 10000   
CoreFunctions: Meshing STL: N = 25000  
Mesher: Background Grid (136,14,14) 
Mesher: Grid: (136, 14, 14)  
Mesher: Meshing part 0 
Mesher: #Elements: 26656  
Mesher: #Nodes: 30825  
Meshing completed; time = 0.062 (secs) 
--------------------------------------------- 
Mesher: STL Volume = 1.25e-03  
Mesher: Mesh Volume = 1.25e-03  
Mesher: PercentVolErr = 0.000  
CoreFunction: Mesh read: 0.039 (secs)  
nDOF = 92475; time taken = 0.233 (s) 
--------------------------------------------- 
CoreFunctions: Creating tessellation file C:/Users/Krishnan Suresh/Dropbox/Personal/suresh/Software/ParetoSoftware/ParetoWin/ParetoExamples/BeamThermoElastic/tessellation.stl  
Error: Zero force detected; possibly due to a very coarse mesh 
Starting Static FEA 
Time taken for Thermal = 0.780 (s) 
#CG Iterations = 281 
Time taken = 0.720 (sec)  
Max Displacement: 7.58e-04 
Max Von Mises: 5.42e+08 
Time taken = 0.721 (sec) 
Pushing elasticity solution to tessellation ...  
Attempting to solve static thermal problem ... 
CoreFunction: Attempting to create a voxel mesh; temp file C:/Users/Krishnan Suresh/Dropbox/Personal/suresh/Software/ParetoSoftware/ParetoWin/ParetoExamples/BeamThermoElastic/temp.vxb  
The minimum number of elements recommended is 10000   
CoreFunctions: Meshing STL: N = 10000  
Mesher: Background Grid (100,10,10) 
Mesher: Grid: (100, 10, 10)  
Mesher: Meshing part 0 
Mesher: #Elements: 10000  
Mesher: #Nodes: 12221  
Meshing completed; time = 0.042 (secs) 
--------------------------------------------- 
Mesher: STL Volume = 1.25e-03  
Mesher: Mesh Volume = 1.25e-03  
Mesher: PercentVolErr = 0.000  
CoreFunction: Mesh read: 0.016 (secs)  
nDOF = 36663; time taken = 0.150 (s) 
--------------------------------------------- 
CoreFunctions: Creating tessellation file C:/Users/Krishnan Suresh/Dropbox/Personal/suresh/Software/ParetoSoftware/ParetoWin/ParetoExamples/BeamThermoElastic/tessellation.stl  
Starting ThermoStatic FEA 
Time taken = 0.142 (s) 
Solved thermal ... 
Pushing thermal solution to tessellation ...  
CoreFunction: Attempting to create a voxel mesh; temp file C:/Users/Krishnan Suresh/Dropbox/Personal/suresh/Software/ParetoSoftware/ParetoWin/ParetoExamples/BeamThermoElastic/temp.vxb  
The minimum number of elements recommended is 10000   
CoreFunctions: Meshing STL: N = 10000  
Mesher: Background Grid (100,10,10) 
Mesher: Grid: (100, 10, 10)  
Mesher: Meshing part 0 
Mesher: #Elements: 10000  
Mesher: #Nodes: 12221  
Meshing completed; time = 0.042 (secs) 
--------------------------------------------- 
Mesher: STL Volume = 1.25e-03  
Mesher: Mesh Volume = 1.25e-03  
Mesher: PercentVolErr = 0.000  
CoreFunction: Mesh read: 0.016 (secs)  
nDOF = 36663; time taken = 0.151 (s) 
--------------------------------------------- 
CoreFunctions: Creating tessellation file C:/Users/Krishnan Suresh/Dropbox/Personal/suresh/Software/ParetoSoftware/ParetoWin/ParetoExamples/BeamThermoElastic/tessellation.stl  
Error: Zero force detected; possibly due to a very coarse mesh 
Starting Static FEA 
Time taken for Thermal = 0.324 (s) 
#CG Iterations = 207 
Time taken = 0.177 (sec)  
Max Displacement: 7.59e-04 
Max Von Mises: 4.61e+08 
Time taken = 0.178 (sec) 
Pushing elasticity solution to tessellation ...  
