Model name: beam 
Project directory: C:/Users/Krishnan Suresh/Dropbox/Personal/suresh/Software/ParetoSoftware/ParetoWin/ParetoExamples/BeamBending/ 
Pareto Version 2023.02 
Pareto Build Date 10.22 
GUI Build Date 1.23 
AFElasticity: In setIsotropicMaterialOfPart; h_nMaterials = 0 
Incoming material: 2.10e+11 2.80e-01 7.70e+03 5.00e+01 1.30e-05 4.52e+02 1  
AFElasticity: Creating new material 0 
AFElasticity: In computeIsotropicDMatrix; matlIndex = 0 
AFElasticity: Part 0 assigned to material index 0 
AFElasticity: Releasing Ke and Me Nodal 
Elasticity boundary condition applied on face group 3  
--------------------------------------------- 
Saving project file C:/Users/Krishnan Suresh/Dropbox/Personal/suresh/Software/ParetoSoftware/ParetoWin/ParetoExamples/BeamBending/beamAxialLoadProject.prj  
Applying BC on Nodes 
AFElasticity: forceNorm = 0.000000e+00 
Applying BC on Nodes 
AFElasticity: forceNorm = 0.000000e+00 
Applying BC on Nodes 
AFElasticity: forceNorm = 0.000000e+00 
Applying BC on Nodes 
AFElasticity: forceNorm = 0.000000e+00 
AFElasticity: Calling setElasticityAcceleration 
CoreFunction: Attempting to create a voxel mesh; temp file C:/Users/Krishnan Suresh/Dropbox/Personal/suresh/Software/ParetoSoftware/ParetoWin/ParetoExamples/BeamBending/temp.vxb  
The minimum number of elements recommended is 10000   
CoreFunctions: Meshing STL: N = 1000000  
Mesher: Background Grid (464,46,46) 
Mesher: Grid: (464, 46, 46)  
Mesher: Meshing part 0 
Mesher: #Elements: 981824  
Mesher: #Nodes: 1027185  
Meshing completed; time = 1.828 (secs) 
--------------------------------------------- 
Mesher: STL Volume = 1.25e-03  
Mesher: Mesh Volume = 1.25e-03  
Mesher: PercentVolErr = 0.000  
CoreFunction: Mesh read: 0.429 (secs)  
nDOF = 3081555; time taken = 2.448 (s) 
--------------------------------------------- 
CoreFunctions: Creating tessellation file C:/Users/Krishnan Suresh/Dropbox/Personal/suresh/Software/ParetoSoftware/ParetoWin/ParetoExamples/BeamBending/tessellation.stl  
Starting Static FEA 
#CG Iterations = 931 
Time taken = 45.319 (sec)  
Max Displacement: 9.49e-08 
Max Von Mises: 7.36e+04 
Time taken = 45.320 (sec) 
Pushing elasticity solution to tessellation ...  
CoreFunction: Attempting to create a voxel mesh; temp file C:/Users/Krishnan Suresh/Dropbox/Personal/suresh/Software/ParetoSoftware/ParetoWin/ParetoExamples/BeamBending/temp.vxb  
The minimum number of elements recommended is 10000   
CoreFunctions: Meshing STL: N = 1000000  
Mesher: Background Grid (464,46,46) 
Mesher: Grid: (464, 46, 46)  
Mesher: Meshing part 0 
Mesher: #Elements: 981824  
Mesher: #Nodes: 1027185  
Meshing completed; time = 1.833 (secs) 
--------------------------------------------- 
Mesher: STL Volume = 1.25e-03  
Mesher: Mesh Volume = 1.25e-03  
Mesher: PercentVolErr = 0.000  
CoreFunction: Mesh read: 0.464 (secs)  
nDOF = 3081555; time taken = 2.495 (s) 
--------------------------------------------- 
CoreFunctions: Creating tessellation file C:/Users/Krishnan Suresh/Dropbox/Personal/suresh/Software/ParetoSoftware/ParetoWin/ParetoExamples/BeamBending/tessellation.stl  
Starting Static FEA 
#CG Iterations = 78 
Time taken = 8.432 (sec)  
Max Displacement: 9.49e-08 
Max Von Mises: 7.36e+04 
Time taken = 8.433 (sec) 
Pushing elasticity solution to tessellation ...  
CoreFunction: Attempting to create a voxel mesh; temp file C:/Users/Krishnan Suresh/Dropbox/Personal/suresh/Software/ParetoSoftware/ParetoWin/ParetoExamples/BeamBending/temp.vxb  
The minimum number of elements recommended is 10000   
CoreFunctions: Meshing STL: N = 1000000  
Mesher: Background Grid (464,46,46) 
Mesher: Grid: (464, 46, 46)  
Mesher: Meshing part 0 
Mesher: #Elements: 981824  
Mesher: #Nodes: 1027185  
Meshing completed; time = 1.918 (secs) 
--------------------------------------------- 
Mesher: STL Volume = 1.25e-03  
Mesher: Mesh Volume = 1.25e-03  
Mesher: PercentVolErr = 0.000  
CoreFunction: Mesh read: 0.473 (secs)  
nDOF = 3081555; time taken = 2.589 (s) 
--------------------------------------------- 
CoreFunctions: Creating tessellation file C:/Users/Krishnan Suresh/Dropbox/Personal/suresh/Software/ParetoSoftware/ParetoWin/ParetoExamples/BeamBending/tessellation.stl  
Starting Static FEA 
#CG Iterations = 57 
Time taken = 9.046 (sec)  
Max Displacement: 9.49e-08 
Max Von Mises: 7.36e+04 
Time taken = 9.046 (sec) 
Pushing elasticity solution to tessellation ...  
CoreFunction: Attempting to create a voxel mesh; temp file C:/Users/Krishnan Suresh/Dropbox/Personal/suresh/Software/ParetoSoftware/ParetoWin/ParetoExamples/BeamBending/temp.vxb  
The minimum number of elements recommended is 10000   
CoreFunctions: Meshing STL: N = 1000000  
Mesher: Background Grid (464,46,46) 
Mesher: Grid: (464, 46, 46)  
Mesher: Meshing part 0 
Mesher: #Elements: 981824  
Mesher: #Nodes: 1027185  
Meshing completed; time = 1.836 (secs) 
--------------------------------------------- 
Mesher: STL Volume = 1.25e-03  
Mesher: Mesh Volume = 1.25e-03  
Mesher: PercentVolErr = 0.000  
CoreFunction: Mesh read: 0.481 (secs)  
nDOF = 3081555; time taken = 2.529 (s) 
--------------------------------------------- 
CoreFunctions: Creating tessellation file C:/Users/Krishnan Suresh/Dropbox/Personal/suresh/Software/ParetoSoftware/ParetoWin/ParetoExamples/BeamBending/tessellation.stl  
Starting Static FEA 
#CG Iterations = 47 
Time taken = 14.804 (sec)  
Max Displacement: 9.49e-08 
Max Von Mises: 7.36e+04 
Time taken = 14.804 (sec) 
Pushing elasticity solution to tessellation ...  
CoreFunction: Attempting to create a voxel mesh; temp file C:/Users/Krishnan Suresh/Dropbox/Personal/suresh/Software/ParetoSoftware/ParetoWin/ParetoExamples/BeamBending/temp.vxb  
The minimum number of elements recommended is 10000   
CoreFunctions: Meshing STL: N = 1000000  
Mesher: Background Grid (464,46,46) 
Mesher: Grid: (464, 46, 46)  
Mesher: Meshing part 0 
Mesher: #Elements: 981824  
Mesher: #Nodes: 1027185  
Meshing completed; time = 1.840 (secs) 
--------------------------------------------- 
Mesher: STL Volume = 1.25e-03  
Mesher: Mesh Volume = 1.25e-03  
Mesher: PercentVolErr = 0.000  
CoreFunction: Mesh read: 0.463 (secs)  
nDOF = 3081555; time taken = 2.499 (s) 
--------------------------------------------- 
CoreFunctions: Creating tessellation file C:/Users/Krishnan Suresh/Dropbox/Personal/suresh/Software/ParetoSoftware/ParetoWin/ParetoExamples/BeamBending/tessellation.stl  
Starting Static FEA 
#CG Iterations = 50 
Time taken = 15.029 (sec)  
Max Displacement: 9.49e-08 
Max Von Mises: 7.36e+04 
Time taken = 15.030 (sec) 
Pushing elasticity solution to tessellation ...  
CoreFunction: Attempting to create a voxel mesh; temp file C:/Users/Krishnan Suresh/Dropbox/Personal/suresh/Software/ParetoSoftware/ParetoWin/ParetoExamples/BeamBending/temp.vxb  
The minimum number of elements recommended is 10000   
CoreFunctions: Meshing STL: N = 1000000  
Mesher: Background Grid (464,46,46) 
Mesher: Grid: (464, 46, 46)  
Mesher: Meshing part 0 
Mesher: #Elements: 981824  
Mesher: #Nodes: 1027185  
Meshing completed; time = 1.827 (secs) 
--------------------------------------------- 
Mesher: STL Volume = 1.25e-03  
Mesher: Mesh Volume = 1.25e-03  
Mesher: PercentVolErr = 0.000  
CoreFunction: Mesh read: 0.459 (secs)  
nDOF = 3081555; time taken = 2.507 (s) 
--------------------------------------------- 
CoreFunctions: Creating tessellation file C:/Users/Krishnan Suresh/Dropbox/Personal/suresh/Software/ParetoSoftware/ParetoWin/ParetoExamples/BeamBending/tessellation.stl  
Starting Static FEA 
#CG Iterations = 43 
Time taken = 15.665 (sec)  
Max Displacement: 9.49e-08 
Max Von Mises: 7.36e+04 
Time taken = 15.666 (sec) 
Pushing elasticity solution to tessellation ...  
CoreFunction: Attempting to create a voxel mesh; temp file C:/Users/Krishnan Suresh/Dropbox/Personal/suresh/Software/ParetoSoftware/ParetoWin/ParetoExamples/BeamBending/temp.vxb  
The minimum number of elements recommended is 10000   
CoreFunctions: Meshing STL: N = 1000000  
Mesher: Background Grid (464,46,46) 
Mesher: Grid: (464, 46, 46)  
Mesher: Meshing part 0 
Mesher: #Elements: 981824  
Mesher: #Nodes: 1027185  
Meshing completed; time = 1.842 (secs) 
--------------------------------------------- 
Mesher: STL Volume = 1.25e-03  
Mesher: Mesh Volume = 1.25e-03  
Mesher: PercentVolErr = 0.000  
CoreFunction: Mesh read: 0.477 (secs)  
nDOF = 3081555; time taken = 2.512 (s) 
--------------------------------------------- 
CoreFunctions: Creating tessellation file C:/Users/Krishnan Suresh/Dropbox/Personal/suresh/Software/ParetoSoftware/ParetoWin/ParetoExamples/BeamBending/tessellation.stl  
Starting Static FEA 
#CG Iterations = 52 
Time taken = 9.108 (sec)  
Max Displacement: 9.49e-08 
Max Von Mises: 7.36e+04 
Time taken = 9.109 (sec) 
Pushing elasticity solution to tessellation ...  
